Attaching to kms-alice, node-carol, sentry-alice, sentry-bob, val-alice, val-bob
kms-alice     | [2m2023-08-23T16:59:07.523113Z[0m [34mDEBUG[0m [2mabscissa_core::component::registry[0m[2m:[0m registered component: abscissa_core::terminal::component::Terminal (v0.6.0)
kms-alice     | [2m2023-08-23T16:59:07.523126Z[0m [34mDEBUG[0m [2mabscissa_core::component::registry[0m[2m:[0m registered component: abscissa_core::trace::component::Tracing (v0.6.0)
kms-alice     | [2m2023-08-23T16:59:07.523273Z[0m [32m INFO[0m [2mtmkms::commands::start[0m[2m:[0m tmkms 0.12.2 starting up...
kms-alice     | [2m2023-08-23T16:59:07.523464Z[0m [32m INFO[0m [2mtmkms::keyring[0m[2m:[0m [keyring:softsign] added consensus Ed25519 key: cosmosvalconspub1zcjduepqe23fhrs9jeqf78y6yjhnjczq4l5srmrgagzm5u2hsvz0yc5zwa5sjlarl5
kms-alice     | [2m2023-08-23T16:59:07.523470Z[0m [34mDEBUG[0m [2mtmkms::client[0m[2m:[0m registering chain: checkers-1
kms-alice     | [2m2023-08-23T16:59:07.523521Z[0m [34mDEBUG[0m [2mtmkms::commands::start[0m[2m:[0m Main thread waiting on clients...
kms-alice     | [2m2023-08-23T16:59:07.523570Z[0m [34mDEBUG[0m [2mtmkms::session[0m[2m:[0m [checkers-1@tcp://val-alice:26659] connecting to validator...
kms-alice     | [2m2023-08-23T16:59:07.523625Z[0m [32m INFO[0m [2mtmkms::connection::tcp[0m[2m:[0m KMS node ID: 380afeb68e5c7cd61fc00863ba25bcad41e489a4
kms-alice     | [2m2023-08-23T16:59:11.129897Z[0m [31mERROR[0m [2mtmkms::client[0m[2m:[0m [checkers-1@tcp://val-alice:26659] I/O error: failed to lookup address information: Name or service not known
kms-alice     | [2m2023-08-23T16:59:12.130368Z[0m [34mDEBUG[0m [2mtmkms::session[0m[2m:[0m [checkers-1@tcp://val-alice:26659] connecting to validator...
kms-alice     | [2m2023-08-23T16:59:12.130868Z[0m [32m INFO[0m [2mtmkms::connection::tcp[0m[2m:[0m KMS node ID: 380afeb68e5c7cd61fc00863ba25bcad41e489a4
kms-alice     | [2m2023-08-23T16:59:15.225511Z[0m [31mERROR[0m [2mtmkms::client[0m[2m:[0m [checkers-1@tcp://val-alice:26659] I/O error: No route to host (os error 113)
kms-alice     | [2m2023-08-23T16:59:16.225601Z[0m [34mDEBUG[0m [2mtmkms::session[0m[2m:[0m [checkers-1@tcp://val-alice:26659] connecting to validator...
kms-alice     | [2m2023-08-23T16:59:16.225912Z[0m [32m INFO[0m [2mtmkms::connection::tcp[0m[2m:[0m KMS node ID: 380afeb68e5c7cd61fc00863ba25bcad41e489a4
kms-alice     | [2m2023-08-23T16:59:16.226585Z[0m [32m INFO[0m [2mtmkms::session[0m[2m:[0m [checkers-1@tcp://val-alice:26659] connected to validator successfully
kms-alice     | [2m2023-08-23T16:59:16.226594Z[0m [33m WARN[0m [2mtmkms::session[0m[2m:[0m [checkers-1@tcp://val-alice:26659]: unverified validator peer ID! (428b3f7144c913d383c13c7c272c8456ff611418)
kms-alice     | [2m2023-08-23T16:59:16.226884Z[0m [34mDEBUG[0m [2mtmkms::session[0m[2m:[0m [checkers-1@tcp://val-alice:26659] received request: ShowPublicKey(PubKeyRequest)
kms-alice     | [2m2023-08-23T16:59:16.226891Z[0m [34mDEBUG[0m [2mtmkms::session[0m[2m:[0m [checkers-1@tcp://val-alice:26659] sending response: PublicKey(PubKeyResponse { pub_key_ed25519: [202, 162, 155, 142, 5, 150, 64, 159, 28, 154, 36, 175, 57, 96, 64, 175, 233, 1, 236, 104, 234, 5, 186, 113, 87, 131, 4, 242, 98, 130, 119, 105] })
kms-alice     | [2m2023-08-23T16:59:16.226957Z[0m [34mDEBUG[0m [2mtmkms::session[0m[2m:[0m [checkers-1@tcp://val-alice:26659] received request: ShowPublicKey(PubKeyRequest)
kms-alice     | [2m2023-08-23T16:59:16.226961Z[0m [34mDEBUG[0m [2mtmkms::session[0m[2m:[0m [checkers-1@tcp://val-alice:26659] sending response: PublicKey(PubKeyResponse { pub_key_ed25519: [202, 162, 155, 142, 5, 150, 64, 159, 28, 154, 36, 175, 57, 96, 64, 175, 233, 1, 236, 104, 234, 5, 186, 113, 87, 131, 4, 242, 98, 130, 119, 105] })
kms-alice     | [2m2023-08-23T16:59:16.329290Z[0m [34mDEBUG[0m [2mtmkms::session[0m[2m:[0m [checkers-1@tcp://val-alice:26659] received request: ShowPublicKey(PubKeyRequest)
kms-alice     | [2m2023-08-23T16:59:16.329305Z[0m [34mDEBUG[0m [2mtmkms::session[0m[2m:[0m [checkers-1@tcp://val-alice:26659] sending response: PublicKey(PubKeyResponse { pub_key_ed25519: [202, 162, 155, 142, 5, 150, 64, 159, 28, 154, 36, 175, 57, 96, 64, 175, 233, 1, 236, 104, 234, 5, 186, 113, 87, 131, 4, 242, 98, 130, 119, 105] })
kms-alice     | [2m2023-08-23T16:59:16.330158Z[0m [34mDEBUG[0m [2mtmkms::session[0m[2m:[0m [checkers-1@tcp://val-alice:26659] received request: ShowPublicKey(PubKeyRequest)
kms-alice     | [2m2023-08-23T16:59:16.330172Z[0m [34mDEBUG[0m [2mtmkms::session[0m[2m:[0m [checkers-1@tcp://val-alice:26659] sending response: PublicKey(PubKeyResponse { pub_key_ed25519: [202, 162, 155, 142, 5, 150, 64, 159, 28, 154, 36, 175, 57, 96, 64, 175, 233, 1, 236, 104, 234, 5, 186, 113, 87, 131, 4, 242, 98, 130, 119, 105] })
kms-alice     | [2m2023-08-23T16:59:16.373436Z[0m [34mDEBUG[0m [2mtmkms::session[0m[2m:[0m [checkers-1@tcp://val-alice:26659] received request: ShowPublicKey(PubKeyRequest)
kms-alice     | [2m2023-08-23T16:59:16.373458Z[0m [34mDEBUG[0m [2mtmkms::session[0m[2m:[0m [checkers-1@tcp://val-alice:26659] sending response: PublicKey(PubKeyResponse { pub_key_ed25519: [202, 162, 155, 142, 5, 150, 64, 159, 28, 154, 36, 175, 57, 96, 64, 175, 233, 1, 236, 104, 234, 5, 186, 113, 87, 131, 4, 242, 98, 130, 119, 105] })
kms-alice     | [2m2023-08-23T16:59:19.051175Z[0m [34mDEBUG[0m [2mtmkms::session[0m[2m:[0m [checkers-1@tcp://val-alice:26659] received request: SignVote(SignVoteRequest { vote: Some(Vote { vote_type: 1, height: 62, round: 0, block_id: Some(BlockId { hash: [150, 120, 12, 130, 24, 68, 145, 19, 233, 84, 3, 119, 7, 37, 226, 156, 49, 98, 88, 236, 255, 190, 225, 84, 253, 115, 247, 52, 153, 95, 203, 255], parts_header: Some(PartsSetHeader { total: 1, hash: [85, 181, 123, 223, 66, 29, 92, 89, 246, 163, 158, 216, 246, 149, 13, 203, 119, 140, 25, 101, 5, 62, 186, 221, 46, 159, 53, 106, 196, 156, 186, 196] }) }), timestamp: Some(TimeMsg { seconds: 1692809959, nanos: 51043759 }), validator_address: [221, 179, 188, 228, 108, 248, 127, 190, 75, 241, 243, 201, 231, 126, 87, 137, 244, 202, 104, 193], validator_index: 0, signature: [] }) })
kms-alice     | [2m2023-08-23T16:59:19.051199Z[0m [34mDEBUG[0m [2mtmkms::chain::state[0m[2m:[0m writing new consensus state to /root/tmkms/state/cosmoshub-3-consensus.json: State { height: block::Height(62), round: block::Round(0), step: 1, block_id: Some(Id { hash: Hash::Sha256(96780C8218449113E95403770725E29C316258ECFFBEE154FD73F734995FCBFF), part_set_header: Header { total: 1, hash: Hash::Sha256(55B57BDF421D5C59F6A39ED8F6950DCB778C1965053EBADD2E9F356AC49CBAC4) } }) }
kms-alice     | [2m2023-08-23T16:59:19.051435Z[0m [34mDEBUG[0m [2mtmkms::chain::state[0m[2m:[0m successfully wrote new consensus state to /root/tmkms/state/cosmoshub-3-consensus.json
kms-alice     | [2m2023-08-23T16:59:19.051485Z[0m [32m INFO[0m [2mtmkms::session[0m[2m:[0m [checkers-1@tcp://val-alice:26659] signed PreVote:96780C8218 at h/r/s 62/0/1 (0 ms)
kms-alice     | [2m2023-08-23T16:59:19.051491Z[0m [34mDEBUG[0m [2mtmkms::session[0m[2m:[0m [checkers-1@tcp://val-alice:26659] sending response: SignedVote(SignedVoteResponse { vote: Some(Vote { vote_type: 1, height: 62, round: 0, block_id: Some(BlockId { hash: [150, 120, 12, 130, 24, 68, 145, 19, 233, 84, 3, 119, 7, 37, 226, 156, 49, 98, 88, 236, 255, 190, 225, 84, 253, 115, 247, 52, 153, 95, 203, 255], parts_header: Some(PartsSetHeader { total: 1, hash: [85, 181, 123, 223, 66, 29, 92, 89, 246, 163, 158, 216, 246, 149, 13, 203, 119, 140, 25, 101, 5, 62, 186, 221, 46, 159, 53, 106, 196, 156, 186, 196] }) }), timestamp: Some(TimeMsg { seconds: 1692809959, nanos: 51043759 }), validator_address: [221, 179, 188, 228, 108, 248, 127, 190, 75, 241, 243, 201, 231, 126, 87, 137, 244, 202, 104, 193], validator_index: 0, signature: [164, 53, 184, 178, 154, 31, 190, 203, 208, 25, 8, 237, 98, 94, 105, 187, 3, 209, 171, 15, 100, 83, 209, 115, 81, 5, 128, 180, 9, 120, 120, 239, 93, 136, 123, 204, 23, 242, 32, 253, 79, 27, 186, 67, 189, 225, 136, 204, 236, 232, 169, 42, 173, 212, 239, 140, 110, 212, 191, 150, 119, 202, 201, 13] }), err: None })
kms-alice     | [2m2023-08-23T16:59:19.129005Z[0m [34mDEBUG[0m [2mtmkms::session[0m[2m:[0m [checkers-1@tcp://val-alice:26659] received request: SignVote(SignVoteRequest { vote: Some(Vote { vote_type: 2, height: 62, round: 0, block_id: Some(BlockId { hash: [150, 120, 12, 130, 24, 68, 145, 19, 233, 84, 3, 119, 7, 37, 226, 156, 49, 98, 88, 236, 255, 190, 225, 84, 253, 115, 247, 52, 153, 95, 203, 255], parts_header: Some(PartsSetHeader { total: 1, hash: [85, 181, 123, 223, 66, 29, 92, 89, 246, 163, 158, 216, 246, 149, 13, 203, 119, 140, 25, 101, 5, 62, 186, 221, 46, 159, 53, 106, 196, 156, 186, 196] }) }), timestamp: Some(TimeMsg { seconds: 1692809959, nanos: 128820377 }), validator_address: [221, 179, 188, 228, 108, 248, 127, 190, 75, 241, 243, 201, 231, 126, 87, 137, 244, 202, 104, 193], validator_index: 0, signature: [] }) })
kms-alice     | [2m2023-08-23T16:59:19.129028Z[0m [34mDEBUG[0m [2mtmkms::chain::state[0m[2m:[0m writing new consensus state to /root/tmkms/state/cosmoshub-3-consensus.json: State { height: block::Height(62), round: block::Round(0), step: 2, block_id: Some(Id { hash: Hash::Sha256(96780C8218449113E95403770725E29C316258ECFFBEE154FD73F734995FCBFF), part_set_header: Header { total: 1, hash: Hash::Sha256(55B57BDF421D5C59F6A39ED8F6950DCB778C1965053EBADD2E9F356AC49CBAC4) } }) }
kms-alice     | [2m2023-08-23T16:59:19.129192Z[0m [34mDEBUG[0m [2mtmkms::chain::state[0m[2m:[0m successfully wrote new consensus state to /root/tmkms/state/cosmoshub-3-consensus.json
kms-alice     | [2m2023-08-23T16:59:19.129234Z[0m [32m INFO[0m [2mtmkms::session[0m[2m:[0m [checkers-1@tcp://val-alice:26659] signed PreCommit:96780C8218 at h/r/s 62/0/2 (0 ms)
kms-alice     | [2m2023-08-23T16:59:19.129240Z[0m [34mDEBUG[0m [2mtmkms::session[0m[2m:[0m [checkers-1@tcp://val-alice:26659] sending response: SignedVote(SignedVoteResponse { vote: Some(Vote { vote_type: 2, height: 62, round: 0, block_id: Some(BlockId { hash: [150, 120, 12, 130, 24, 68, 145, 19, 233, 84, 3, 119, 7, 37, 226, 156, 49, 98, 88, 236, 255, 190, 225, 84, 253, 115, 247, 52, 153, 95, 203, 255], parts_header: Some(PartsSetHeader { total: 1, hash: [85, 181, 123, 223, 66, 29, 92, 89, 246, 163, 158, 216, 246, 149, 13, 203, 119, 140, 25, 101, 5, 62, 186, 221, 46, 159, 53, 106, 196, 156, 186, 196] }) }), timestamp: Some(TimeMsg { seconds: 1692809959, nanos: 128820377 }), validator_address: [221, 179, 188, 228, 108, 248, 127, 190, 75, 241, 243, 201, 231, 126, 87, 137, 244, 202, 104, 193], validator_index: 0, signature: [157, 160, 177, 32, 62, 218, 184, 22, 101, 217, 251, 70, 91, 233, 10, 32, 231, 123, 41, 5, 131, 63, 12, 207, 14, 192, 206, 143, 199, 45, 115, 1, 87, 191, 70, 207, 178, 130, 1, 133, 6, 14, 78, 203, 116, 59, 242, 103, 233, 76, 186, 116, 156, 205, 106, 87, 133, 90, 45, 139, 50, 138, 152, 7] }), err: None })
kms-alice     | [2m2023-08-23T16:59:20.218329Z[0m [34mDEBUG[0m [2mtmkms::session[0m[2m:[0m [checkers-1@tcp://val-alice:26659] received request: ShowPublicKey(PubKeyRequest)
kms-alice     | [2m2023-08-23T16:59:20.218383Z[0m [34mDEBUG[0m [2mtmkms::session[0m[2m:[0m [checkers-1@tcp://val-alice:26659] sending response: PublicKey(PubKeyResponse { pub_key_ed25519: [202, 162, 155, 142, 5, 150, 64, 159, 28, 154, 36, 175, 57, 96, 64, 175, 233, 1, 236, 104, 234, 5, 186, 113, 87, 131, 4, 242, 98, 130, 119, 105] })
kms-alice     | [2m2023-08-23T16:59:21.336218Z[0m [31mERROR[0m [2mtmkms::client[0m[2m:[0m [checkers-1@tcp://val-alice:26659] I/O error: failed to fill whole buffer
kms-alice     | [2m2023-08-23T16:59:22.336355Z[0m [34mDEBUG[0m [2mtmkms::session[0m[2m:[0m [checkers-1@tcp://val-alice:26659] connecting to validator...
kms-alice     | [2m2023-08-23T16:59:22.336563Z[0m [32m INFO[0m [2mtmkms::connection::tcp[0m[2m:[0m KMS node ID: 380afeb68e5c7cd61fc00863ba25bcad41e489a4
kms-alice     | [2m2023-08-23T16:59:22.337135Z[0m [31mERROR[0m [2mtmkms::client[0m[2m:[0m [checkers-1@tcp://val-alice:26659] I/O error: Connection refused (os error 111)
kms-alice     | [2m2023-08-23T16:59:23.337273Z[0m [34mDEBUG[0m [2mtmkms::session[0m[2m:[0m [checkers-1@tcp://val-alice:26659] connecting to validator...
kms-alice     | [2m2023-08-23T16:59:23.337424Z[0m [32m INFO[0m [2mtmkms::connection::tcp[0m[2m:[0m KMS node ID: 380afeb68e5c7cd61fc00863ba25bcad41e489a4
kms-alice     | [2m2023-08-23T16:59:23.337930Z[0m [31mERROR[0m [2mtmkms::client[0m[2m:[0m [checkers-1@tcp://val-alice:26659] I/O error: Connection refused (os error 111)
kms-alice     | [2m2023-08-23T16:59:24.338018Z[0m [34mDEBUG[0m [2mtmkms::session[0m[2m:[0m [checkers-1@tcp://val-alice:26659] connecting to validator...
kms-alice     | [2m2023-08-23T16:59:24.338089Z[0m [32m INFO[0m [2mtmkms::connection::tcp[0m[2m:[0m KMS node ID: 380afeb68e5c7cd61fc00863ba25bcad41e489a4
kms-alice     | [2m2023-08-23T16:59:24.338492Z[0m [31mERROR[0m [2mtmkms::client[0m[2m:[0m [checkers-1@tcp://val-alice:26659] I/O error: Connection refused (os error 111)
val-bob exited with code 0
val-bob exited with code 2
kms-alice     | [2m2023-08-23T16:59:25.338576Z[0m [34mDEBUG[0m [2mtmkms::session[0m[2m:[0m [checkers-1@tcp://val-alice:26659] connecting to validator...
kms-alice     | [2m2023-08-23T16:59:25.338663Z[0m [32m INFO[0m [2mtmkms::connection::tcp[0m[2m:[0m KMS node ID: 380afeb68e5c7cd61fc00863ba25bcad41e489a4
kms-alice     | [2m2023-08-23T16:59:25.339225Z[0m [31mERROR[0m [2mtmkms::client[0m[2m:[0m [checkers-1@tcp://val-alice:26659] I/O error: Connection refused (os error 111)
node-carol exited with code 0
node-carol exited with code 0
kms-alice     | [2m2023-08-23T16:59:26.339408Z[0m [34mDEBUG[0m [2mtmkms::session[0m[2m:[0m [checkers-1@tcp://val-alice:26659] connecting to validator...
kms-alice     | [2m2023-08-23T16:59:26.339545Z[0m [32m INFO[0m [2mtmkms::connection::tcp[0m[2m:[0m KMS node ID: 380afeb68e5c7cd61fc00863ba25bcad41e489a4
sentry-alice exited with code 0
sentry-bob exited with code 0
sentry-bob exited with code 2
sentry-alice exited with code 2
val-alice exited with code 0
val-alice exited with code 2
kms-alice exited with code 0
